// Jest Snapshot v1, https://goo.gl/fbAQLP

exports[`data table component matches snapshot 1`] = `
<div
  className="MuiPaper-root makeStyles-paper-1 MuiPaper-elevation1 MuiPaper-rounded"
>
  <div
    style={
      Object {
        "height": 400,
        "width": "100%",
      }
    }
  />
</div>
`;
